---
source: crates/deadline-cli/tests/cli_job_wait.rs
assertion_line: 208
info:
  program: deadline
  args:
    - job
    - wait
  env:
    AWS_ACCESS_KEY_ID: AKIAIOSFODNN7EXAMPLE
    AWS_CONFIG_FILE: ""
    AWS_DEFAULT_PROFILE: ""
    AWS_DEFAULT_REGION: us-west-2
    AWS_ENDPOINT_URL: ""
    AWS_ENDPOINT_URL_CLOUDWATCHLOGS: "http://localhost:63548"
    AWS_ENDPOINT_URL_DEADLINE: "http://localhost:63548"
    AWS_ENDPOINT_URL_STS: "http://localhost:63548"
    AWS_PROFILE: ""
    AWS_SECRET_ACCESS_KEY: wJalrXUtnFEMI/K7MDENG/bPxRfiCYEXAMPLEKEY
    AWS_SECURITY_TOKEN: ""
    AWS_SESSION_TOKEN: ""
    AWS_SHARED_CREDENTIALS_FILE: ""
    DEADLINE_CONFIG_FILE_PATH: /var/folders/r_/m1d3rb6s2nb559nj4hd77ptm0000gq/T/.tmpf4F90h/config
    HOME: /var/folders/r_/m1d3rb6s2nb559nj4hd77ptm0000gq/T/.tmpf4F90h
---
success: true
exit_code: 0
----- stdout -----
Job ID: job-aaa
Job completed with status: SUCCEEDED
Elapsed time: [TIME] seconds
No failed tasks found.

----- stderr -----
Waiting for job job-aaa to complete...
Job Name: Render Job
