---
source: crates/deadline-cli/tests/cli_queue_paramdefs.rs
info:
  program: deadline
  args:
    - queue
    - paramdefs
  env:
    AWS_ACCESS_KEY_ID: AKIAIOSFODNN7EXAMPLE
    AWS_CONFIG_FILE: ""
    AWS_DEFAULT_PROFILE: ""
    AWS_DEFAULT_REGION: us-west-2
    AWS_ENDPOINT_URL: ""
    AWS_ENDPOINT_URL_CLOUDWATCHLOGS: "http://localhost:61753"
    AWS_ENDPOINT_URL_DEADLINE: "http://localhost:61753"
    AWS_ENDPOINT_URL_STS: "http://localhost:61753"
    AWS_PROFILE: ""
    AWS_SECRET_ACCESS_KEY: wJalrXUtnFEMI/K7MDENG/bPxRfiCYEXAMPLEKEY
    AWS_SECURITY_TOKEN: ""
    AWS_SESSION_TOKEN: ""
    AWS_SHARED_CREDENTIALS_FILE: ""
    DEADLINE_CONFIG_FILE_PATH: /var/folders/r_/m1d3rb6s2nb559nj4hd77ptm0000gq/T/.tmpM8EM01/config
    HOME: /var/folders/r_/m1d3rb6s2nb559nj4hd77ptm0000gq/T/.tmpM8EM01
---
success: true
exit_code: 0
----- stdout -----
- name: Memory
  type: INT
  default: '8'
  userInterface:
    control: SPIN_BOX
    groupLabel: 'Queue Environment: High Priority'
- name: GPU
  type: STRING
  default: nvidia
  userInterface:
    control: LINE_EDIT
    groupLabel: 'Queue Environment: Low Priority'


----- stderr -----
