---
source: crates/deadline-cli/tests/cli_worker.rs
info:
  program: deadline
  args:
    - worker
    - get
    - "--fleet-id"
    - fleet-abc
    - "--worker-id"
    - worker-aaa
  env:
    AWS_ACCESS_KEY_ID: AKIAIOSFODNN7EXAMPLE
    AWS_CONFIG_FILE: ""
    AWS_DEFAULT_PROFILE: ""
    AWS_DEFAULT_REGION: us-west-2
    AWS_ENDPOINT_URL: ""
    AWS_ENDPOINT_URL_DEADLINE: "http://localhost:58850"
    AWS_ENDPOINT_URL_STS: "http://localhost:58850"
    AWS_PROFILE: ""
    AWS_SECRET_ACCESS_KEY: wJalrXUtnFEMI/K7MDENG/bPxRfiCYEXAMPLEKEY
    AWS_SECURITY_TOKEN: ""
    AWS_SESSION_TOKEN: ""
    AWS_SHARED_CREDENTIALS_FILE: ""
    DEADLINE_CONFIG_FILE_PATH: /var/folders/r_/m1d3rb6s2nb559nj4hd77ptm0000gq/T/.tmp72ndwq/config
    HOME: /var/folders/r_/m1d3rb6s2nb559nj4hd77ptm0000gq/T/.tmp72ndwq
---
success: true
exit_code: 0
----- stdout -----
createdAt: 1970-01-01T00:00:00Z
farmId: farm-abc
fleetId: fleet-abc
status: RUNNING
workerId: worker-aaa

----- stderr -----
